// Jest Snapshot v1, https://goo.gl/fbAQLP

exports[`Quiz game records correct answer 1`] = `
"<div>
  <h1>Are you happy?</h1>
  <div data-testid=\\"answer_a\\"><button>Yes</button></div>
  <div data-testid=\\"answer_b\\"><button>No</button></div>
  <div data-testid=\\"answer_c\\"><button>Maybe</button></div>
</div>"
`;

exports[`Quiz game shows question 1`] = `
"<div>
  <h1>Are you happy?</h1>
  <div data-testid=\\"answer_a\\"><button>Yes</button></div>
  <div data-testid=\\"answer_b\\"><button>No</button></div>
  <div data-testid=\\"answer_c\\"><button>Maybe</button></div>
</div>"
`;
